// Jest Snapshot v1, https://goo.gl/fbAQLP

exports[`review App render page 1`] = `
<div
  className="App"
>
  <h1>
    Hello World!
  </h1>
  <div>
    <h3>
      GitHub User Info
    </h3>
    <ul />
  </div>
  <div>
    <h3>
      GitHub User Info
    </h3>
    <ul />
  </div>
</div>
`;
